<html>
<body>
<pre>
<h1>µVision Build Log</h1>
<h2>Project:</h2>
C:\Keil\Labware\Lab13_DAC\Lab13.uvproj
Project File Date:  03/13/2014

<h2>Output:</h2>
Build target 'Lab13'
compiling Sound.c...
linking...
Program Size: Code=6280 RO-data=9624 RW-data=80 ZI-data=1816  
".\Lab13.axf" - 0 Error(s), 0 Warning(s).
Load "C:\\Keil\\Labware\\Lab13_DAC\\Lab13.axf" 
Connecting: Mode=JTAG, Speed=1000000Hz
Erase Done.
Programming Done.
Verify OK.
</pre>
</body>
</html>
rget DLL has been cancelled
Load "C:\\Keil\\Labware\\Lab13_DAC\\Lab13.axf" 
Connecting: Mode=JTAG, Speed=1000000Hz
Erase Done.
Programming Done.
Verify OK.
